src/app/api/designer/profile/route.ts(56,13): error TS2741: Property 'reviewCount' is missing in type '{ id: string; userId: string; specialties: any; skillLevel: "basic"; maxCapacity: any; currentLoad: number; rating: number; status: any; createdAt: string; updatedAt: string; bankName: any; accountNumber: any; ... 5 more ...; portfolioSamples: any; }' but required in type 'DbDesignerProfile'.
src/app/api/designer/profile/route.ts(76,50): error TS2345: Argument of type 'DbDesignerProfile | null' is not assignable to parameter of type '{ id: string; }'.
  Type 'null' is not assignable to type '{ id: string; }'.
src/app/api/setup/verify-access/route.ts(20,45): error TS2353: Object literal may only specify known properties, and 'role' does not exist in type 'Partial<{ id: string; }>'.
src/app/api/test-matching/route.ts(15,15): error TS2739: Type '{ id: `${string}-${string}-${string}-${string}-${string}`; email: string; passwordHash: string; firstName: string; lastName: string; role: "designer"; createdAt: string; }' is missing the following properties from type 'DbUser': status, isVerified
src/app/api/verify-full-flow/route.ts(22,15): error TS2739: Type '{ id: `${string}-${string}-${string}-${string}-${string}`; email: string; passwordHash: string; firstName: string; lastName: string; role: "designer"; createdAt: string; }' is missing the following properties from type 'DbUser': status, isVerified
src/app/api/verify-full-flow/route.ts(35,15): error TS2739: Type '{ id: `${string}-${string}-${string}-${string}-${string}`; email: string; passwordHash: string; firstName: string; lastName: string; role: "customer"; createdAt: string; }' is missing the following properties from type 'DbUser': status, isVerified
src/app/api/verify-full-flow/route.ts(51,15): error TS2741: Property 'reviewCount' is missing in type '{ id: `${string}-${string}-${string}-${string}-${string}`; userId: `${string}-${string}-${string}-${string}-${string}`; specialties: string[]; skillLevel: "basic"; maxCapacity: number; currentLoad: number; rating: number; status: "available"; createdAt: string; updatedAt: string; }' but required in type 'DbDesignerProfile'.
src/app/api/verify-match/route.ts(21,15): error TS2739: Type '{ id: `${string}-${string}-${string}-${string}-${string}`; email: string; passwordHash: string; firstName: string; lastName: string; role: "designer"; createdAt: string; }' is missing the following properties from type 'DbUser': status, isVerified
src/app/api/verify-match/route.ts(34,15): error TS2739: Type '{ id: `${string}-${string}-${string}-${string}-${string}`; email: string; passwordHash: string; firstName: string; lastName: string; role: "customer"; createdAt: string; }' is missing the following properties from type 'DbUser': status, isVerified
src/app/api/verify-match/route.ts(49,15): error TS2741: Property 'reviewCount' is missing in type '{ id: `${string}-${string}-${string}-${string}-${string}`; userId: `${string}-${string}-${string}-${string}-${string}`; specialties: string[]; skillLevel: "basic"; maxCapacity: number; currentLoad: number; rating: number; status: "available"; createdAt: string; updatedAt: string; }' but required in type 'DbDesignerProfile'.
src/app/api/verify-selection/route.ts(48,46): error TS2353: Object literal may only specify known properties, and 'assignmentStatus' does not exist in type 'Partial<{ id: string; }>'.
src/app/api/verify-selection/route.ts(55,17): error TS2353: Object literal may only specify known properties, and 'assignmentStatus' does not exist in type 'Partial<{ id: string; }>'.
