src/app/designer/orders/[id]/page.tsx(467,80): error TS2339: Property 'updateFabricStatus' does not exist on type '{ listOrders: (page?: number, limit?: number) => Promise<{ orders: Order[]; hasMore: boolean; total: number; stats: { pending: number; reviewing: number; changes: number; total: number; revenue: number; }; }>; ... 9 more ...; payCommission: (orderIds: string[]) => Promise<...>; }'.
